.....F.FFFF...FF..FF.F.F..FF........FF....sF............F.............F. [ 67%]
...........F...FF..F.FF......FFF.FF                                      [100%]
================================== FAILURES ===================================
________________________ test_horizontal_scan_positive ________________________

    def test_horizontal_scan_positive():
        rule = HorizontalScanRule()
        settings = DetectionSettings(HORIZONTAL_SCAN_MIN_EVENTS=3, HORIZONTAL_SCAN_MIN_DISTINCT_TARGETS=2)
        ctx = DetectionContext(settings=settings, analysis_started_at=datetime.now())
    
        events = [
            CanonicalLogEvent(event_id=f"e{i}", timestamp=datetime.now() + timedelta(seconds=i), src_ip="1.2.3.4", dst_ip=f"10.0.0.{i}", dst_port=80, action="block", parser_name="test", parse_status="success")
            for i in range(3)
        ]
>       signals = rule.evaluate(events, ctx)
                  ^^^^^^^^^^^^^^^^^^^^^^^^^^

tests\detection\test_horizontal_scan.py:16: 
_ _ _ _ _ _ _ _ _ _ _ _ _ _ _ _ _ _ _ _ _ _ _ _ _ _ _ _ _ _ _ _ _ _ _ _ _ _ _ _
agent\detection\detectors\horizontal_scan.py:72: in evaluate
    evidence = select_representative_evidence(
agent\detection\evidence.py:57: in select_representative_evidence
    return [create_evidence_from_event(e, reason, source_rule, correlation_context) for e in selected]
            ^^^^^^^^^^^^^^^^^^^^^^^^^^^^^^^^^^^^^^^^^^^^^^^^^^^^^^^^^^^^^^^^^^^^^^^
agent\detection\evidence.py:34: in create_evidence_from_event
    quote = str(event.raw_message) if event.raw_message else ""
                                      ^^^^^^^^^^^^^^^^^
_ _ _ _ _ _ _ _ _ _ _ _ _ _ _ _ _ _ _ _ _ _ _ _ _ _ _ _ _ _ _ _ _ _ _ _ _ _ _ _

self = CanonicalLogEvent(event_id='e0', timestamp=datetime.datetime(2026, 7, 13, 9, 25, 5, 423527), observed_at=None, src_ip=...e_warnings=[], source_name=None, source_line=None, raw_record_hash=None, safe_message_excerpt='', parser_metadata=None)
item = 'raw_message'

    def __getattr__(self, item: str) -> Any:
        private_attributes = object.__getattribute__(self, '__private_attributes__')
        if item in private_attributes:
            attribute = private_attributes[item]
            if hasattr(attribute, '__get__'):
                return attribute.__get__(self, type(self))  # type: ignore
    
            try:
                # Note: self.__pydantic_private__ cannot be None if self.__private_attributes__ has items
                return self.__pydantic_private__[item]  # type: ignore
            except KeyError as exc:
                raise AttributeError(f'{type(self).__name__!r} object has no attribute {item!r}') from exc
        else:
            # `__pydantic_extra__` can fail to be set if the model is not yet fully initialized.
            # See `BaseModel.__repr_args__` for more details
            try:
                pydantic_extra = object.__getattribute__(self, '__pydantic_extra__')
            except AttributeError:
                pydantic_extra = None
    
            if pydantic_extra and item in pydantic_extra:
                return pydantic_extra[item]
            else:
                if hasattr(self.__class__, item):
                    return super().__getattribute__(item)  # Raises AttributeError if appropriate
                else:
                    # this is the current error
>                   raise AttributeError(f'{type(self).__name__!r} object has no attribute {item!r}')
E                   AttributeError: 'CanonicalLogEvent' object has no attribute 'raw_message'

..\..\AppData\Roaming\Python\Python314\site-packages\pydantic\main.py:1042: AttributeError
____________________________ test_order_invariance ____________________________

    def test_order_invariance():
        registry = RuleRegistry()
        registry.register(HorizontalScanRule())
        settings = DetectionSettings(HORIZONTAL_SCAN_MIN_EVENTS=2, HORIZONTAL_SCAN_MIN_DISTINCT_TARGETS=2)
        engine = DetectionEngine(registry=registry, settings=settings)
    
        events = [
            CanonicalLogEvent(event_id="e1", timestamp=datetime(2025,1,1, tzinfo=timezone.utc), src_ip="1.2.3.4", dst_ip="10.0.0.1", dst_port=80, action="block", parser_name="test", parse_status="success"),
            CanonicalLogEvent(event_id="e2", timestamp=datetime(2025,1,1, tzinfo=timezone.utc), src_ip="1.2.3.4", dst_ip="10.0.0.2", dst_port=80, action="block", parser_name="test", parse_status="success")
        ]
    
        res1 = engine.analyze(events)
    
        events_shuffled = events[::-1]
        res2 = engine.analyze(events_shuffled)
    
>       assert res1.signals[0].signal_id == res2.signals[0].signal_id
               ^^^^^^^^^^^^^^^
E       IndexError: list index out of range

tests\detection\test_input_order_invariance.py:24: IndexError
------------------------------ Captured log call ------------------------------
ERROR    agent.detection.engine:engine.py:114 Rule network_scan_horizontal failed: 'CanonicalLogEvent' object has no attribute 'raw_message'
ERROR    agent.detection.engine:engine.py:114 Rule network_scan_horizontal failed: 'CanonicalLogEvent' object has no attribute 'raw_message'
_____________________________ test_flood_positive _____________________________

    def test_flood_positive():
        rule = NetworkFloodRule()
        settings = DetectionSettings(NETWORK_FLOOD_MIN_EVENTS=5, NETWORK_FLOOD_MIN_BLOCK_RATIO=0.8)
        ctx = DetectionContext(settings=settings, analysis_started_at=datetime.now())
        events = [
            CanonicalLogEvent(event_id=f"e{i}", timestamp=datetime.now(), src_ip="1.2.3.4", dst_ip="10.0.0.1", action="block", parser_name="test", parse_status="success")
            for i in range(5)
        ]
>       signals = rule.evaluate(events, ctx)
                  ^^^^^^^^^^^^^^^^^^^^^^^^^^

tests\detection\test_network_flood.py:15: 
_ _ _ _ _ _ _ _ _ _ _ _ _ _ _ _ _ _ _ _ _ _ _ _ _ _ _ _ _ _ _ _ _ _ _ _ _ _ _ _
agent\detection\detectors\network_flood.py:70: in evaluate
    evidence = select_representative_evidence(
agent\detection\evidence.py:57: in select_representative_evidence
    return [create_evidence_from_event(e, reason, source_rule, correlation_context) for e in selected]
            ^^^^^^^^^^^^^^^^^^^^^^^^^^^^^^^^^^^^^^^^^^^^^^^^^^^^^^^^^^^^^^^^^^^^^^^
agent\detection\evidence.py:34: in create_evidence_from_event
    quote = str(event.raw_message) if event.raw_message else ""
                                      ^^^^^^^^^^^^^^^^^
_ _ _ _ _ _ _ _ _ _ _ _ _ _ _ _ _ _ _ _ _ _ _ _ _ _ _ _ _ _ _ _ _ _ _ _ _ _ _ _

self = CanonicalLogEvent(event_id='e0', timestamp=datetime.datetime(2026, 7, 13, 9, 25, 5, 509098), observed_at=None, src_ip=...e_warnings=[], source_name=None, source_line=None, raw_record_hash=None, safe_message_excerpt='', parser_metadata=None)
item = 'raw_message'

    def __getattr__(self, item: str) -> Any:
        private_attributes = object.__getattribute__(self, '__private_attributes__')
        if item in private_attributes:
            attribute = private_attributes[item]
            if hasattr(attribute, '__get__'):
                return attribute.__get__(self, type(self))  # type: ignore
    
            try:
                # Note: self.__pydantic_private__ cannot be None if self.__private_attributes__ has items
                return self.__pydantic_private__[item]  # type: ignore
            except KeyError as exc:
                raise AttributeError(f'{type(self).__name__!r} object has no attribute {item!r}') from exc
        else:
            # `__pydantic_extra__` can fail to be set if the model is not yet fully initialized.
            # See `BaseModel.__repr_args__` for more details
            try:
                pydantic_extra = object.__getattribute__(self, '__pydantic_extra__')
            except AttributeError:
                pydantic_extra = None
    
            if pydantic_extra and item in pydantic_extra:
                return pydantic_extra[item]
            else:
                if hasattr(self.__class__, item):
                    return super().__getattribute__(item)  # Raises AttributeError if appropriate
                else:
                    # this is the current error
>                   raise AttributeError(f'{type(self).__name__!r} object has no attribute {item!r}')
E                   AttributeError: 'CanonicalLogEvent' object has no attribute 'raw_message'

..\..\AppData\Roaming\Python\Python314\site-packages\pydantic\main.py:1042: AttributeError
_______________________________ test_rdp_probe ________________________________

    def test_rdp_probe():
        rule = RemoteServiceProbeRule()
        settings = DetectionSettings(REMOTE_SERVICE_MIN_EVENTS=2, REMOTE_SERVICE_MIN_DISTINCT_TARGETS=2)
        ctx = DetectionContext(settings=settings, analysis_started_at=datetime.now())
        events = [
            CanonicalLogEvent(event_id=f"e{i}", timestamp=datetime.now(), src_ip="1.2.3.4", dst_ip=f"10.0.0.{i}", dst_port=3389, action="block", parser_name="test", parse_status="success", protocol="TCP", tcp_flags="SYN")
            for i in range(2)
        ]
>       signals = rule.evaluate(events, ctx)
                  ^^^^^^^^^^^^^^^^^^^^^^^^^^

tests\detection\test_remote_service_probe.py:15: 
_ _ _ _ _ _ _ _ _ _ _ _ _ _ _ _ _ _ _ _ _ _ _ _ _ _ _ _ _ _ _ _ _ _ _ _ _ _ _ _
agent\detection\detectors\remote_service_probe.py:78: in evaluate
    evidence = select_representative_evidence(
agent\detection\evidence.py:57: in select_representative_evidence
    return [create_evidence_from_event(e, reason, source_rule, correlation_context) for e in selected]
            ^^^^^^^^^^^^^^^^^^^^^^^^^^^^^^^^^^^^^^^^^^^^^^^^^^^^^^^^^^^^^^^^^^^^^^^
agent\detection\evidence.py:34: in create_evidence_from_event
    quote = str(event.raw_message) if event.raw_message else ""
                                      ^^^^^^^^^^^^^^^^^
_ _ _ _ _ _ _ _ _ _ _ _ _ _ _ _ _ _ _ _ _ _ _ _ _ _ _ _ _ _ _ _ _ _ _ _ _ _ _ _

self = CanonicalLogEvent(event_id='e0', timestamp=datetime.datetime(2026, 7, 13, 9, 25, 5, 533644), observed_at=None, src_ip=...e_warnings=[], source_name=None, source_line=None, raw_record_hash=None, safe_message_excerpt='', parser_metadata=None)
item = 'raw_message'

    def __getattr__(self, item: str) -> Any:
        private_attributes = object.__getattribute__(self, '__private_attributes__')
        if item in private_attributes:
            attribute = private_attributes[item]
            if hasattr(attribute, '__get__'):
                return attribute.__get__(self, type(self))  # type: ignore
    
            try:
                # Note: self.__pydantic_private__ cannot be None if self.__private_attributes__ has items
                return self.__pydantic_private__[item]  # type: ignore
            except KeyError as exc:
                raise AttributeError(f'{type(self).__name__!r} object has no attribute {item!r}') from exc
        else:
            # `__pydantic_extra__` can fail to be set if the model is not yet fully initialized.
            # See `BaseModel.__repr_args__` for more details
            try:
                pydantic_extra = object.__getattribute__(self, '__pydantic_extra__')
            except AttributeError:
                pydantic_extra = None
    
            if pydantic_extra and item in pydantic_extra:
                return pydantic_extra[item]
            else:
                if hasattr(self.__class__, item):
                    return super().__getattribute__(item)  # Raises AttributeError if appropriate
                else:
                    # this is the current error
>                   raise AttributeError(f'{type(self).__name__!r} object has no attribute {item!r}')
E                   AttributeError: 'CanonicalLogEvent' object has no attribute 'raw_message'

..\..\AppData\Roaming\Python\Python314\site-packages\pydantic\main.py:1042: AttributeError
_______________________________ test_ssh_probe ________________________________

    def test_ssh_probe():
        rule = RemoteServiceProbeRule()
        settings = DetectionSettings(REMOTE_SERVICE_MIN_EVENTS=2, REMOTE_SERVICE_MIN_DISTINCT_TARGETS=2)
        ctx = DetectionContext(settings=settings, analysis_started_at=datetime.now())
        events = [
            CanonicalLogEvent(event_id=f"e{i}", timestamp=datetime.now(), src_ip="1.2.3.4", dst_ip=f"10.0.0.{i}", dst_port=22, action="block", parser_name="test", parse_status="success", protocol="TCP", tcp_flags="SYN")
            for i in range(2)
        ]
>       signals = rule.evaluate(events, ctx)
                  ^^^^^^^^^^^^^^^^^^^^^^^^^^

tests\detection\test_remote_service_probe.py:27: 
_ _ _ _ _ _ _ _ _ _ _ _ _ _ _ _ _ _ _ _ _ _ _ _ _ _ _ _ _ _ _ _ _ _ _ _ _ _ _ _
agent\detection\detectors\remote_service_probe.py:78: in evaluate
    evidence = select_representative_evidence(
agent\detection\evidence.py:57: in select_representative_evidence
    return [create_evidence_from_event(e, reason, source_rule, correlation_context) for e in selected]
            ^^^^^^^^^^^^^^^^^^^^^^^^^^^^^^^^^^^^^^^^^^^^^^^^^^^^^^^^^^^^^^^^^^^^^^^
agent\detection\evidence.py:34: in create_evidence_from_event
    quote = str(event.raw_message) if event.raw_message else ""
                                      ^^^^^^^^^^^^^^^^^
_ _ _ _ _ _ _ _ _ _ _ _ _ _ _ _ _ _ _ _ _ _ _ _ _ _ _ _ _ _ _ _ _ _ _ _ _ _ _ _

self = CanonicalLogEvent(event_id='e0', timestamp=datetime.datetime(2026, 7, 13, 9, 25, 5, 562469), observed_at=None, src_ip=...e_warnings=[], source_name=None, source_line=None, raw_record_hash=None, safe_message_excerpt='', parser_metadata=None)
item = 'raw_message'

    def __getattr__(self, item: str) -> Any:
        private_attributes = object.__getattribute__(self, '__private_attributes__')
        if item in private_attributes:
            attribute = private_attributes[item]
            if hasattr(attribute, '__get__'):
                return attribute.__get__(self, type(self))  # type: ignore
    
            try:
                # Note: self.__pydantic_private__ cannot be None if self.__private_attributes__ has items
                return self.__pydantic_private__[item]  # type: ignore
            except KeyError as exc:
                raise AttributeError(f'{type(self).__name__!r} object has no attribute {item!r}') from exc
        else:
            # `__pydantic_extra__` can fail to be set if the model is not yet fully initialized.
            # See `BaseModel.__repr_args__` for more details
            try:
                pydantic_extra = object.__getattribute__(self, '__pydantic_extra__')
            except AttributeError:
                pydantic_extra = None
    
            if pydantic_extra and item in pydantic_extra:
                return pydantic_extra[item]
            else:
                if hasattr(self.__class__, item):
                    return super().__getattribute__(item)  # Raises AttributeError if appropriate
                else:
                    # this is the current error
>                   raise AttributeError(f'{type(self).__name__!r} object has no attribute {item!r}')
E                   AttributeError: 'CanonicalLogEvent' object has no attribute 'raw_message'

..\..\AppData\Roaming\Python\Python314\site-packages\pydantic\main.py:1042: AttributeError
_____________________________ test_rdp_precedence _____________________________

    def test_rdp_precedence():
        registry = RuleRegistry()
        registry.register(HorizontalScanRule())
        registry.register(RemoteServiceProbeRule())
        settings = DetectionSettings(
            HORIZONTAL_SCAN_MIN_EVENTS=2, HORIZONTAL_SCAN_MIN_DISTINCT_TARGETS=2,
            REMOTE_SERVICE_MIN_EVENTS=2, REMOTE_SERVICE_MIN_DISTINCT_TARGETS=2
        )
        engine = DetectionEngine(registry=registry, settings=settings)
        events = [
            CanonicalLogEvent(event_id=f"e{i}", timestamp=datetime.now(timezone.utc), src_ip="1.2.3.4", dst_ip=f"10.0.0.{i}", dst_port=3389, action="block", parser_name="test", parse_status="success", protocol="TCP", tcp_flags="SYN")
            for i in range(2)
        ]
        res = engine.analyze(events)
        # Both horizontal and remote service match, but RDP absorbs horizontal
>       assert len(res.signals) == 1
E       AssertionError: assert 0 == 1
E        +  where 0 = len([])
E        +    where [] = DetectionResult(signals=[], incidents=[], suppressed_signals=[], uncorrelated_event_ids=['e0', 'e1'], metrics=Detectio...gnal_count=0, incident_count=0, duplicate_signal_count=0, merge_count=0, duration_ms=0.32258033752441406), warnings=[]).signals

tests\detection\test_signal_deduplication.py:28: AssertionError
------------------------------ Captured log call ------------------------------
ERROR    agent.detection.engine:engine.py:114 Rule remote_service_probe failed: 'CanonicalLogEvent' object has no attribute 'raw_message'
ERROR    agent.detection.engine:engine.py:114 Rule network_scan_horizontal failed: 'CanonicalLogEvent' object has no attribute 'raw_message'
__________________________ test_spi_anomaly_positive __________________________

    def test_spi_anomaly_positive():
        rule = SPIAnomalyRule()
        settings = DetectionSettings(SPI_ANOMALY_MIN_EVENTS=2, SPI_ANOMALY_MIN_DISTINCT_TARGETS=1)
        ctx = DetectionContext(settings=settings, analysis_started_at=datetime.now())
        events = [
            CanonicalLogEvent(event_id=f"e{i}", timestamp=datetime.now(), src_ip="1.2.3.4", dst_ip="10.0.0.1", action_reason="SPI packet dropped", parser_name="test", parse_status="success")
            for i in range(2)
        ]
>       signals = rule.evaluate(events, ctx)
                  ^^^^^^^^^^^^^^^^^^^^^^^^^^

tests\detection\test_spi_anomaly.py:15: 
_ _ _ _ _ _ _ _ _ _ _ _ _ _ _ _ _ _ _ _ _ _ _ _ _ _ _ _ _ _ _ _ _ _ _ _ _ _ _ _
agent\detection\detectors\spi_anomaly.py:71: in evaluate
    evidence = select_representative_evidence(
agent\detection\evidence.py:57: in select_representative_evidence
    return [create_evidence_from_event(e, reason, source_rule, correlation_context) for e in selected]
            ^^^^^^^^^^^^^^^^^^^^^^^^^^^^^^^^^^^^^^^^^^^^^^^^^^^^^^^^^^^^^^^^^^^^^^^
agent\detection\evidence.py:34: in create_evidence_from_event
    quote = str(event.raw_message) if event.raw_message else ""
                                      ^^^^^^^^^^^^^^^^^
_ _ _ _ _ _ _ _ _ _ _ _ _ _ _ _ _ _ _ _ _ _ _ _ _ _ _ _ _ _ _ _ _ _ _ _ _ _ _ _

self = CanonicalLogEvent(event_id='e0', timestamp=datetime.datetime(2026, 7, 13, 9, 25, 5, 598554), observed_at=None, src_ip=...e_warnings=[], source_name=None, source_line=None, raw_record_hash=None, safe_message_excerpt='', parser_metadata=None)
item = 'raw_message'

    def __getattr__(self, item: str) -> Any:
        private_attributes = object.__getattribute__(self, '__private_attributes__')
        if item in private_attributes:
            attribute = private_attributes[item]
            if hasattr(attribute, '__get__'):
                return attribute.__get__(self, type(self))  # type: ignore
    
            try:
                # Note: self.__pydantic_private__ cannot be None if self.__private_attributes__ has items
                return self.__pydantic_private__[item]  # type: ignore
            except KeyError as exc:
                raise AttributeError(f'{type(self).__name__!r} object has no attribute {item!r}') from exc
        else:
            # `__pydantic_extra__` can fail to be set if the model is not yet fully initialized.
            # See `BaseModel.__repr_args__` for more details
            try:
                pydantic_extra = object.__getattribute__(self, '__pydantic_extra__')
            except AttributeError:
                pydantic_extra = None
    
            if pydantic_extra and item in pydantic_extra:
                return pydantic_extra[item]
            else:
                if hasattr(self.__class__, item):
                    return super().__getattribute__(item)  # Raises AttributeError if appropriate
                else:
                    # this is the current error
>                   raise AttributeError(f'{type(self).__name__!r} object has no attribute {item!r}')
E                   AttributeError: 'CanonicalLogEvent' object has no attribute 'raw_message'

..\..\AppData\Roaming\Python\Python314\site-packages\pydantic\main.py:1042: AttributeError
_________________________ test_vertical_scan_positive _________________________

    def test_vertical_scan_positive():
        rule = VerticalScanRule()
        settings = DetectionSettings(VERTICAL_SCAN_MIN_EVENTS=3, VERTICAL_SCAN_MIN_DISTINCT_PORTS=3)
        ctx = DetectionContext(settings=settings, analysis_started_at=datetime.now())
        events = [
            CanonicalLogEvent(event_id=f"e{i}", timestamp=datetime.now(), src_ip="1.2.3.4", dst_ip="10.0.0.1", dst_port=80+i, action="block", parser_name="test", parse_status="success")
            for i in range(3)
        ]
>       signals = rule.evaluate(events, ctx)
                  ^^^^^^^^^^^^^^^^^^^^^^^^^^

tests\detection\test_vertical_scan.py:15: 
_ _ _ _ _ _ _ _ _ _ _ _ _ _ _ _ _ _ _ _ _ _ _ _ _ _ _ _ _ _ _ _ _ _ _ _ _ _ _ _
agent\detection\detectors\vertical_scan.py:71: in evaluate
    evidence = select_representative_evidence(
agent\detection\evidence.py:57: in select_representative_evidence
    return [create_evidence_from_event(e, reason, source_rule, correlation_context) for e in selected]
            ^^^^^^^^^^^^^^^^^^^^^^^^^^^^^^^^^^^^^^^^^^^^^^^^^^^^^^^^^^^^^^^^^^^^^^^
agent\detection\evidence.py:34: in create_evidence_from_event
    quote = str(event.raw_message) if event.raw_message else ""
                                      ^^^^^^^^^^^^^^^^^
_ _ _ _ _ _ _ _ _ _ _ _ _ _ _ _ _ _ _ _ _ _ _ _ _ _ _ _ _ _ _ _ _ _ _ _ _ _ _ _

self = CanonicalLogEvent(event_id='e0', timestamp=datetime.datetime(2026, 7, 13, 9, 25, 5, 630207), observed_at=None, src_ip=...e_warnings=[], source_name=None, source_line=None, raw_record_hash=None, safe_message_excerpt='', parser_metadata=None)
item = 'raw_message'

    def __getattr__(self, item: str) -> Any:
        private_attributes = object.__getattribute__(self, '__private_attributes__')
        if item in private_attributes:
            attribute = private_attributes[item]
            if hasattr(attribute, '__get__'):
                return attribute.__get__(self, type(self))  # type: ignore
    
            try:
                # Note: self.__pydantic_private__ cannot be None if self.__private_attributes__ has items
                return self.__pydantic_private__[item]  # type: ignore
            except KeyError as exc:
                raise AttributeError(f'{type(self).__name__!r} object has no attribute {item!r}') from exc
        else:
            # `__pydantic_extra__` can fail to be set if the model is not yet fully initialized.
            # See `BaseModel.__repr_args__` for more details
            try:
                pydantic_extra = object.__getattribute__(self, '__pydantic_extra__')
            except AttributeError:
                pydantic_extra = None
    
            if pydantic_extra and item in pydantic_extra:
                return pydantic_extra[item]
            else:
                if hasattr(self.__class__, item):
                    return super().__getattribute__(item)  # Raises AttributeError if appropriate
                else:
                    # this is the current error
>                   raise AttributeError(f'{type(self).__name__!r} object has no attribute {item!r}')
E                   AttributeError: 'CanonicalLogEvent' object has no attribute 'raw_message'

..\..\AppData\Roaming\Python\Python314\site-packages\pydantic\main.py:1042: AttributeError
_____________________ test_api_to_db_flow_and_durability ______________________

isolated_db = ('C:\\Users\\berat\\AppData\\Local\\Temp\\tmphh4tf4cp.db', sessionmaker(class_='Session', autocommit=False, bind=Engine(sqlite:///C:\Users\berat\AppData\Local\Temp\tmphh4tf4cp.db), autoflush=False, expire_on_commit=True))

    def test_api_to_db_flow_and_durability(isolated_db):
        db_path, SessionLocal = isolated_db
    
        # Deterministic source IP
        src_ip = "1.2.3.4"
        logs = []
        # Include a SENTINEL_SECRET to ensure it's not persisted raw
        for port in range(1, 15):
            logs.append(json.dumps({
                "timestamp": f"2023-01-01T12:00:{port:02d}Z",
                "src_ip": src_ip,
                "dst_ip": "10.0.0.1",
                "dst_port": port,
                "protocol": "tcp",
                "tcp_flags": "SYN",
                "action": "block",
                "secret_key": "SENTINEL_SECRET"
            }))
        log_content = "\n".join(logs) + "\n"
    
        with tempfile.NamedTemporaryFile(mode="w", delete=False, suffix=".jsonl") as tf:
            tf.write(log_content)
            tf_name = tf.name
    
        # First app instance
        with TestClient(app) as client:
            with open(tf_name, "rb") as f:
                res = client.post("/analyze/file", files={"file": f})
    
            assert res.status_code == 200, res.text
            data = res.json()
>           assert data["incidents_generated"] > 0
E           assert 0 > 0

tests\persistence\test_e2e.py:87: AssertionError
---------------------------- Captured stderr setup ----------------------------
INFO  [alembic.runtime.migration] Context impl SQLiteImpl.
INFO  [alembic.runtime.migration] Will assume non-transactional DDL.
INFO  [alembic.runtime.migration] Running upgrade  -> 70966a52d1b7, Initial schema
______________________________ test_cef_parsing _______________________________

    def test_cef_parsing():
        raw = "CEF:0|Vendor|Prod|1.0|1|name|5|src=1.1.1.1 act=block msg=hello escaped\\=pipe"
        p = CEFParser()
        ctx = ParseContext(source_name="t", observed_at="2026-07-10T00:00:00Z")
        match = p.match(raw, ctx)
        assert match.matched
        evt = p.parse(raw, ctx, "E1")
        assert evt.src_ip == "1.1.1.1"
        assert evt.action == "block"
>       assert evt.safe_message_excerpt == "hello escaped=pipe"
E       AssertionError: assert '' == 'hello escaped=pipe'
E         
E         - hello escaped=pipe

tests\test_cef_parser.py:13: AssertionError
________________________ test_detect_port_scan_pattern ________________________

    def test_detect_port_scan_pattern():
        logs = [
            {"event_id": "1", "timestamp": "2023-10-27T10:00:00Z", "src_ip": "1.1.1.1", "safe_message_excerpt": "BLOCK TCP 1.1.1.1 -> 2.2.2.2:80"},
            {"event_id": "2", "timestamp": "2023-10-27T10:00:01Z", "src_ip": "1.1.1.1", "safe_message_excerpt": "BLOCK TCP 1.1.1.1 -> 2.2.2.2:443"},
            {"event_id": "3", "timestamp": "2023-10-27T10:00:02Z", "src_ip": "1.1.1.1", "safe_message_excerpt": "BLOCK TCP 1.1.1.1 -> 2.2.2.2:22"}
        ]
        res = detect_port_scan_pattern(logs)
>       assert res["status"] == "alert"
E       AssertionError: assert 'clean' == 'alert'
E         
E         - alert
E         + clean

tests\test_detection_tools.py:31: AssertionError
______________________ test_detect_dns_tunneling_pattern ______________________

    def test_detect_dns_tunneling_pattern():
        logs = [
            {"event_id": "1", "event_type": "DNS_QUERY", "safe_message_excerpt": "Query: a1b2c3d4e5f6g7h8i9j0k1l2m3n4o5p6q7r8s9t0.evil.com"}
        ]
        res = detect_dns_tunneling_pattern(logs)
>       assert res["status"] == "alert"
E       AssertionError: assert 'clean' == 'alert'
E         
E         - alert
E         + clean

tests\test_detection_tools.py:55: AssertionError
_______________________ test_detect_malware_hash_alert ________________________

    def test_detect_malware_hash_alert():
        logs = [
            {"event_id": "1", "event_type": "EDR_ALERT", "safe_message_excerpt": "Alert! family: ransomware hash: 8d1122a30b42c448d39c941dfab40251"}
        ]
        res = detect_malware_hash_alert(logs)
>       assert res["status"] == "alert"
E       AssertionError: assert 'clean' == 'alert'
E         
E         - alert
E         + clean

tests\test_detection_tools.py:63: AssertionError
______________________ test_evidence_validation_success _______________________

    def test_evidence_validation_success():
        state = {
            "incident_id": "TEST-01",
            "triage_submission": {
                "triage_verdict": "suspicious_activity",
                "incident_type": "other",
                "severity": "medium",
                "confidence_score": 0.8,
                "summary": "test",
                "selected_evidence_ids": ["E1"],
                "claims": []
            },
            "incident": {
                "incident": {
                    "incident_id": "TEST-01",
                    "incident_type": "test",
                    "incident_family": "test",
                    "title": "test",
                    "severity": "low",
                    "confidence": 1.0,
                    "primary_entity": "unknown",
                    "target_entities": [],
                    "signal_ids": [],
                    "evidence": [],
                    "metrics": {},
                    "mitre_techniques": [],
                    "merge_key": "mock",
                    "event_ids": ["1"],
                    "context_event_ids": [],
                    "first_seen": "2024-01-01T00:00:00Z",
                    "last_seen": "2024-01-01T00:00:00Z"
                },
                "events": [{"event_id": "1", "timestamp": None, "observed_at": "2024-01-01T00:00:00Z", "parse_status": "success", "parser_name": "test", "source_name": "test", "safe_message_excerpt": "test", "source_line": {}}],
                "context_events": []
            },
            "safe_triage_input": {
                "incident_id": "TEST-01",
                "incident_type": "other",
                "incident_family": "other",
                "title": "test",
                "deterministic_severity": "none",
                "deterministic_confidence": 0.0,
                "first_seen": "2024-01-01T00:00:00Z",
                "last_seen": "2024-01-01T00:00:00Z",
                "primary_entity": "1.1.1.1",
                "incident_type_hint": "other",
                "detected_signals": [],
                "candidate_evidence": [
                    {"evidence_id": "E1", "event_id": "1", "quote": "test", "reason": "test", "source": "test", "canonical_fields": {}, "vendor_original_fields": {}}
                ],
                "limited_context_events": [
                    {"event_id": "1", "event_type": "test", "source_ip": "1.1.1.1", "safe_message_excerpt": "test", "timestamp": "2024-01-01T00:00:00Z", "parser_name": "test", "source_name": "test"}
                ]
            }
        }
        res = evidence_validation_node(state)
>       assert len(res["validated_evidence"]) == 1
E       assert 0 == 1
E        +  where 0 = len([])

tests\test_evidence_validation.py:59: AssertionError
______________________ test_evidence_validation_mismatch ______________________

    def test_evidence_validation_mismatch():
        state = {
            "incident_id": "TEST-01",
            "triage_submission": {
                "triage_verdict": "suspicious_activity",
                "incident_type": "other",
                "severity": "medium",
                "confidence_score": 0.8,
                "summary": "test",
                "selected_evidence_ids": ["E1"],
                "claims": []
            },
            "incident": {
                "incident": {
                    "incident_id": "TEST-01",
                    "incident_type": "test",
                    "incident_family": "test",
                    "title": "test",
                    "severity": "low",
                    "confidence": 1.0,
                    "primary_entity": "unknown",
                    "target_entities": [],
                    "signal_ids": [],
                    "evidence": [],
                    "metrics": {},
                    "mitre_techniques": [],
                    "merge_key": "mock",
                    "event_ids": ["1"],
                    "context_event_ids": [],
                    "first_seen": "2024-01-01T00:00:00Z",
                    "last_seen": "2024-01-01T00:00:00Z"
                },
                "events": [{"event_id": "1", "timestamp": None, "observed_at": "2024-01-01T00:00:00Z", "parse_status": "success", "parser_name": "test", "source_name": "test", "safe_message_excerpt": "test", "source_line": {}}],
                "context_events": []
            },
            "safe_triage_input": {
                "incident_id": "TEST-01",
                "incident_type": "other",
                "incident_family": "other",
                "title": "test",
                "deterministic_severity": "none",
                "deterministic_confidence": 0.0,
                "first_seen": "2024-01-01T00:00:00Z",
                "last_seen": "2024-01-01T00:00:00Z",
                "primary_entity": "1.1.1.1",
                "incident_type_hint": "other",
                "detected_signals": [],
                "candidate_evidence": [], # E1 doesn't exist
                "limited_context_events": []
            }
        }
        res = evidence_validation_node(state)
        assert len(res["validated_evidence"]) == 0
>       assert len(res["rejected_evidence"]) == 1
E       assert 0 == 1
E        +  where 0 = len([])

tests\test_evidence_validation.py:117: AssertionError
____________________________ test_cli_ingest_mode _____________________________

    def test_cli_ingest_mode():
        res = subprocess.run(["python", "main.py", "--ingest-file", "tests/fixtures/mock/mock_events.jsonl"], capture_output=True, text=True)
>       assert res.returncode == 0
E       AssertionError: assert 1 == 0
E        +  where 1 = CompletedProcess(args=['python', 'main.py', '--ingest-file', 'tests/fixtures/mock/mock_events.jsonl'], returncode=1, s...line=context.line_number,\n    ^^^^^^^^^^^^^^^^^^^^^^^^^^^^^^^\nSyntaxError: keyword argument repeated: source_line\n').returncode

tests\test_ingest_cli.py:5: AssertionError
____________________________ test_parser_ambiguity ____________________________

caplog = <_pytest.logging.LogCaptureFixture object at 0x0000012ABFCD5550>

    def test_parser_ambiguity(caplog):
        reg = ParserRegistry()
        reg.register(DummyParser1)
        reg.register(DummyParser2)
        reg.select_parser({}, ParseContext(source_name="t", observed_at="2026-07-10T00:00:00Z"))
>       assert "Parser ambiguity detected" in caplog.text
E       AssertionError: assert 'Parser ambiguity detected' in ''
E        +  where '' = <_pytest.logging.LogCaptureFixture object at 0x0000012ABFCD5550>.text

tests\test_parser_ambiguity.py:25: AssertionError
________________________________ test_rfc5424 _________________________________

    def test_rfc5424():
        raw = "<165>1 2026-07-10T09:51:40+03:00 host app 1234 ID47 - message"
        p = SyslogParser()
        ctx = ParseContext(source_name="t", observed_at="2026-07-10T00:00:00Z")
        match = p.match(raw, ctx)
        assert match.matched
        evt = p.parse(raw, ctx, "E1")
>       assert evt.safe_message_excerpt == "message"
E       AssertionError: assert '' == 'message'
E         
E         - message

tests\test_syslog_parser.py:11: AssertionError
____________________ test_actual_incidentbundle_round_trip ____________________

    def test_actual_incidentbundle_round_trip():
        bundle = DetectionIncidentBundle(
            incident_id="INC-001",
            incident_type="test",
            incident_family="test",
            title="test",
            severity="low",
            confidence=1.0,
            primary_entity="unknown",
            target_entities=[],
            signal_ids=[],
            evidence=[],
            metrics={},
            mitre_techniques=[],
            merge_key="mock",
            event_ids=["E01"],
            context_event_ids=["CTX01"],
            first_seen=datetime.datetime(2024, 1, 1, tzinfo=datetime.timezone.utc),
            last_seen=datetime.datetime(2024, 1, 1, tzinfo=datetime.timezone.utc)
        )
    
        context = TriageIncidentContext(
            incident=bundle,
>           events=[_make_dummy_event("E01")],
                    ^^^^^^^^^^^^^^^^^^^^^^^^
            context_events=[_make_dummy_event("CTX01")]
        )

tests\triage\test_phase4_blockers.py:57: 
_ _ _ _ _ _ _ _ _ _ _ _ _ _ _ _ _ _ _ _ _ _ _ _ _ _ _ _ _ _ _ _ _ _ _ _ _ _ _ _

eid = 'E01'

    def _make_dummy_event(eid="E01"):
>       return CanonicalLogEvent(
            event_id=eid,
            observed_at=datetime.datetime.now(datetime.timezone.utc),
            parser_name="test",
            source_name="test",
            safe_message_excerpt="dummy log",
            parse_status="success",
            source_line={"test_field": "test_value"}
        )
E       pydantic_core._pydantic_core.ValidationError: 1 validation error for CanonicalLogEvent
E       source_line
E         Input should be a valid integer [type=int_type, input_value={'test_field': 'test_value'}, input_type=dict]
E           For further information visit https://errors.pydantic.dev/2.13/v/int_type

tests\triage\test_phase4_blockers.py:24: ValidationError
______________________ test_process_stable_content_hash _______________________

    def test_process_stable_content_hash():
        bundle = DetectionIncidentBundle(
            incident_id="INC-001",
            incident_type="test",
            incident_family="test",
            title="test",
            severity="low",
            confidence=1.0,
            primary_entity="unknown",
            target_entities=[],
            signal_ids=[],
            evidence=[],
            metrics={},
            mitre_techniques=[],
            merge_key="mock",
            event_ids=["E01"],
            context_event_ids=[],
            first_seen=datetime.datetime(2024, 1, 1, tzinfo=datetime.timezone.utc),
            last_seen=datetime.datetime(2024, 1, 1, tzinfo=datetime.timezone.utc)
        )
>       context = TriageIncidentContext(incident=bundle, events=[_make_dummy_event("E01")])
                                                                 ^^^^^^^^^^^^^^^^^^^^^^^^

tests\triage\test_phase4_blockers.py:256: 
_ _ _ _ _ _ _ _ _ _ _ _ _ _ _ _ _ _ _ _ _ _ _ _ _ _ _ _ _ _ _ _ _ _ _ _ _ _ _ _

eid = 'E01'

    def _make_dummy_event(eid="E01"):
>       return CanonicalLogEvent(
            event_id=eid,
            observed_at=datetime.datetime.now(datetime.timezone.utc),
            parser_name="test",
            source_name="test",
            safe_message_excerpt="dummy log",
            parse_status="success",
            source_line={"test_field": "test_value"}
        )
E       pydantic_core._pydantic_core.ValidationError: 1 validation error for CanonicalLogEvent
E       source_line
E         Input should be a valid integer [type=int_type, input_value={'test_field': 'test_value'}, input_type=dict]
E           For further information visit https://errors.pydantic.dev/2.13/v/int_type

tests\triage\test_phase4_blockers.py:24: ValidationError
____________________ test_unknown_original_field_rejection ____________________

    def test_unknown_original_field_rejection():
>       trusted = [_make_dummy_event("E01")] # has {"test_field": "test_value"}
                   ^^^^^^^^^^^^^^^^^^^^^^^^

tests\triage\test_phase4_blockers.py:272: 
_ _ _ _ _ _ _ _ _ _ _ _ _ _ _ _ _ _ _ _ _ _ _ _ _ _ _ _ _ _ _ _ _ _ _ _ _ _ _ _

eid = 'E01'

    def _make_dummy_event(eid="E01"):
>       return CanonicalLogEvent(
            event_id=eid,
            observed_at=datetime.datetime.now(datetime.timezone.utc),
            parser_name="test",
            source_name="test",
            safe_message_excerpt="dummy log",
            parse_status="success",
            source_line={"test_field": "test_value"}
        )
E       pydantic_core._pydantic_core.ValidationError: 1 validation error for CanonicalLogEvent
E       source_line
E         Input should be a valid integer [type=int_type, input_value={'test_field': 'test_value'}, input_type=dict]
E           For further information visit https://errors.pydantic.dev/2.13/v/int_type

tests\triage\test_phase4_blockers.py:24: ValidationError
_________________________ test_prompt_budget_exceeded _________________________

    def test_prompt_budget_exceeded():
        bundle = DetectionIncidentBundle(
            incident_id="INC-001",
            incident_type="test",
            incident_family="test",
            title="test",
            severity="low",
            confidence=1.0,
            primary_entity="unknown",
            target_entities=[],
            signal_ids=[],
            evidence=[],
            metrics={},
            mitre_techniques=[],
            merge_key="mock",
            event_ids=["E01"],
            context_event_ids=[],
            first_seen=datetime.datetime(2024, 1, 1, tzinfo=datetime.timezone.utc),
            last_seen=datetime.datetime(2024, 1, 1, tzinfo=datetime.timezone.utc)
        )
>       context = TriageIncidentContext(incident=bundle, events=[_make_dummy_event("E01")])
                                                                 ^^^^^^^^^^^^^^^^^^^^^^^^

tests\triage\test_phase4_blockers.py:360: 
_ _ _ _ _ _ _ _ _ _ _ _ _ _ _ _ _ _ _ _ _ _ _ _ _ _ _ _ _ _ _ _ _ _ _ _ _ _ _ _

eid = 'E01'

    def _make_dummy_event(eid="E01"):
>       return CanonicalLogEvent(
            event_id=eid,
            observed_at=datetime.datetime.now(datetime.timezone.utc),
            parser_name="test",
            source_name="test",
            safe_message_excerpt="dummy log",
            parse_status="success",
            source_line={"test_field": "test_value"}
        )
E       pydantic_core._pydantic_core.ValidationError: 1 validation error for CanonicalLogEvent
E       source_line
E         Input should be a valid integer [type=int_type, input_value={'test_field': 'test_value'}, input_type=dict]
E           For further information visit https://errors.pydantic.dev/2.13/v/int_type

tests\triage\test_phase4_blockers.py:24: ValidationError
___________________ test_ingest_detect_endpoints_zero_calls ___________________

mock_get_triage_runner = <MagicMock name='get_triage_runner' id='1283118162880'>

    @patch('agent.nodes.get_triage_runner')
    def test_ingest_detect_endpoints_zero_calls(mock_get_triage_runner):
        client = TestClient(fast_app)
    
        import tempfile
        with tempfile.NamedTemporaryFile(mode="w", delete=False, suffix=".jsonl") as tf:
            tf.write('{"src_ip": "10.0.0.1", "action": "allow"}\n')
            tf_name = tf.name
    
        with open(tf_name, "rb") as f:
            res = client.post("/ingest/file", files={"file": f})
        assert res.status_code == 200
    
        with open(tf_name, "rb") as f:
            res = client.post("/detect/file", files={"file": f})
>       assert res.status_code == 200
E       assert 500 == 200
E        +  where 500 = <Response [500 Internal Server Error]>.status_code

tests\triage\test_phase4_blockers.py:416: AssertionError
---------------------------- Captured stderr call -----------------------------
ERROR [root] Error in /detect/file: 'CanonicalLogEvent' object has no attribute 'raw_message'
Traceback (most recent call last):
  File "C:\Users\berat\Downloads\SOC-Project\server.py", line 209, in detect_file
    result = svc.analyze_file(temp_path, run_triage=False, source_name="api_detect")
  File "C:\Users\berat\Downloads\SOC-Project\agent\application\analysis_service.py", line 121, in analyze_file
    return self._process_events(
           ~~~~~~~~~~~~~~~~~~~~^
        events=ingest_result.events,
        ^^^^^^^^^^^^^^^^^^^^^^^^^^^^
    ...<2 lines>...
        source_name=source_name or ingest_result.source_name
        ^^^^^^^^^^^^^^^^^^^^^^^^^^^^^^^^^^^^^^^^^^^^^^^^^^^^
    )
    ^
  File "C:\Users\berat\Downloads\SOC-Project\agent\application\analysis_service.py", line 138, in _process_events
    filter_result = self.filter_engine.filter_events(events)
  File "C:\Users\berat\Downloads\SOC-Project\agent\filtering.py", line 20, in filter_events
    elif self.is_candidate(event):
         ~~~~~~~~~~~~~~~~~^^^^^^^
  File "C:\Users\berat\Downloads\SOC-Project\agent\filtering.py", line 61, in is_candidate
    msg = str(event.safe_message_excerpt).lower()
              ^^^^^^^^^^^^^^^^^
  File "C:\Users\berat\AppData\Roaming\Python\Python314\site-packages\pydantic\main.py", line 1042, in __getattr__
    raise AttributeError(f'{type(self).__name__!r} object has no attribute {item!r}')
AttributeError: 'CanonicalLogEvent' object has no attribute 'raw_message'
------------------------------ Captured log call ------------------------------
ERROR    root:server.py:264 Error in /detect/file: 'CanonicalLogEvent' object has no attribute 'raw_message'
Traceback (most recent call last):
  File "C:\Users\berat\Downloads\SOC-Project\server.py", line 209, in detect_file
    result = svc.analyze_file(temp_path, run_triage=False, source_name="api_detect")
  File "C:\Users\berat\Downloads\SOC-Project\agent\application\analysis_service.py", line 121, in analyze_file
    return self._process_events(
           ~~~~~~~~~~~~~~~~~~~~^
        events=ingest_result.events,
        ^^^^^^^^^^^^^^^^^^^^^^^^^^^^
    ...<2 lines>...
        source_name=source_name or ingest_result.source_name
        ^^^^^^^^^^^^^^^^^^^^^^^^^^^^^^^^^^^^^^^^^^^^^^^^^^^^
    )
    ^
  File "C:\Users\berat\Downloads\SOC-Project\agent\application\analysis_service.py", line 138, in _process_events
    filter_result = self.filter_engine.filter_events(events)
  File "C:\Users\berat\Downloads\SOC-Project\agent\filtering.py", line 20, in filter_events
    elif self.is_candidate(event):
         ~~~~~~~~~~~~~~~~~^^^^^^^
  File "C:\Users\berat\Downloads\SOC-Project\agent\filtering.py", line 61, in is_candidate
    msg = str(event.safe_message_excerpt).lower()
              ^^^^^^^^^^^^^^^^^
  File "C:\Users\berat\AppData\Roaming\Python\Python314\site-packages\pydantic\main.py", line 1042, in __getattr__
    raise AttributeError(f'{type(self).__name__!r} object has no attribute {item!r}')
AttributeError: 'CanonicalLogEvent' object has no attribute 'raw_message'
___________________________ test_graph_integration ____________________________

    def test_graph_integration():
        bundle = DetectionIncidentBundle(
            incident_id="INC", incident_type="bruteforce_success", incident_family="bruteforce_success", title="t",
            severity="high", confidence=0.9, primary_entity="unknown", target_entities=[],
            signal_ids=[], evidence=[], metrics={}, mitre_techniques=[], merge_key="mock",
            event_ids=["E01"], context_event_ids=[],
            first_seen=datetime.datetime(2024, 1, 1, tzinfo=datetime.timezone.utc),
            last_seen=datetime.datetime(2024, 1, 1, tzinfo=datetime.timezone.utc)
        )
>       context = TriageIncidentContext(incident=bundle, events=[_make_dummy_event("E01")])
                                                                 ^^^^^^^^^^^^^^^^^^^^^^^^

tests\triage\test_phase4_blockers.py:428: 
_ _ _ _ _ _ _ _ _ _ _ _ _ _ _ _ _ _ _ _ _ _ _ _ _ _ _ _ _ _ _ _ _ _ _ _ _ _ _ _

eid = 'E01'

    def _make_dummy_event(eid="E01"):
>       return CanonicalLogEvent(
            event_id=eid,
            observed_at=datetime.datetime.now(datetime.timezone.utc),
            parser_name="test",
            source_name="test",
            safe_message_excerpt="dummy log",
            parse_status="success",
            source_line={"test_field": "test_value"}
        )
E       pydantic_core._pydantic_core.ValidationError: 1 validation error for CanonicalLogEvent
E       source_line
E         Input should be a valid integer [type=int_type, input_value={'test_field': 'test_value'}, input_type=dict]
E           For further information visit https://errors.pydantic.dev/2.13/v/int_type

tests\triage\test_phase4_blockers.py:24: ValidationError
_______________________ test_validate_evidence_success ________________________

    def test_validate_evidence_success():
        submission = TriageSubmission(
            triage_verdict=TriageVerdict.CONFIRMED_INCIDENT,
            incident_type="test",
            severity=TriageSeverity.HIGH,
            confidence_score=0.9,
            summary="Test",
            selected_evidence_ids=["ev_1"],
            claims=[]
        )
    
        triage_input = TriageInput(
            incident_id="INC-1",
            incident_type="test",
            incident_family="test",
            title="test",
            deterministic_severity="high",
            deterministic_confidence=1.0,
            first_seen="2024",
            last_seen="2024",
            primary_entity="ip",
            candidate_evidence=[
                EvidenceCandidate(
                    evidence_id="ev_1",
                    event_id="EVT-1",
                    quote="error occurred",
                    reason="test",
                    source="test_parser",
                    canonical_fields={},
                    vendor_original_fields={"src_ip": "1.2.3.4"}
                )
            ],
            limited_context_events=[
                SafeEventView(
                    event_id="EVT-1",
                    timestamp="2024",
                    parser_name="test_parser",
                    source_name="test_source",
                    sanitized_message_excerpt="An error occurred here",
                    src_ip="1.2.3.4"
                )
            ]
        )
    
        from agent.schema import CanonicalLogEvent
        from agent.detection.models import IncidentBundle
        from agent.triage.models import TriageIncidentContext
        from datetime import datetime, timezone
>       trusted_events = [CanonicalLogEvent(event_id="EVT-1", timestamp=None, observed_at=datetime.now(timezone.utc), parse_status="success", parser_name="test_parser", source_name="test_source", safe_message_excerpt="An error occurred here", source_line={"src_ip": "1.2.3.4"})]
                          ^^^^^^^^^^^^^^^^^^^^^^^^^^^^^^^^^^^^^^^^^^^^^^^^^^^^^^^^^^^^^^^^^^^^^^^^^^^^^^^^^^^^^^^^^^^^^^^^^^^^^^^^^^^^^^^^^^^^^^^^^^^^^^^^^^^^^^^^^^^^^^^^^^^^^^^^^^^^^^^^^^^^^^^^^^^^^^^^^^^^^^^^^^^^^^^^^^^^^^^^^^^^^^^^^^^^^^^^^^^^^^^^^^^^^^^^^^^^^^^^^^^^^^^^^^^
E       pydantic_core._pydantic_core.ValidationError: 1 validation error for CanonicalLogEvent
E       source_line
E         Input should be a valid integer [type=int_type, input_value={'src_ip': '1.2.3.4'}, input_type=dict]
E           For further information visit https://errors.pydantic.dev/2.13/v/int_type

tests\triage\test_validation.py:54: ValidationError
____________________ test_validate_evidence_quote_mismatch ____________________

    def test_validate_evidence_quote_mismatch():
        submission = TriageSubmission(
            triage_verdict=TriageVerdict.CONFIRMED_INCIDENT,
            incident_type="test",
            severity=TriageSeverity.HIGH,
            confidence_score=0.9,
            summary="Test",
            selected_evidence_ids=["ev_1"],
            claims=[]
        )
    
        triage_input = TriageInput(
            incident_id="INC-1",
            incident_type="test",
            incident_family="test",
            title="test",
            deterministic_severity="high",
            deterministic_confidence=1.0,
            first_seen="2024",
            last_seen="2024",
            primary_entity="ip",
            candidate_evidence=[
                EvidenceCandidate(
                    evidence_id="ev_1",
                    event_id="EVT-1",
                    quote="hallucinated quote",
                    reason="test",
                    source="test_parser",
                    canonical_fields={},
                    vendor_original_fields={"src_ip": "1.2.3.4"}
                )
            ],
            limited_context_events=[
                SafeEventView(
                    event_id="EVT-1",
                    timestamp="2024",
                    parser_name="test_parser",
                    source_name="test_source",
                    sanitized_message_excerpt="An error occurred here",
                    src_ip="1.2.3.4"
                )
            ]
        )
    
        from agent.schema import CanonicalLogEvent
        from agent.detection.models import IncidentBundle
        from agent.triage.models import TriageIncidentContext
        from datetime import datetime, timezone
>       trusted_events = [CanonicalLogEvent(event_id="EVT-1", timestamp=None, observed_at=datetime.now(timezone.utc), parse_status="success", parser_name="test_parser", source_name="test_source", safe_message_excerpt="An error occurred here", source_line={"src_ip": "1.2.3.4"})]
                          ^^^^^^^^^^^^^^^^^^^^^^^^^^^^^^^^^^^^^^^^^^^^^^^^^^^^^^^^^^^^^^^^^^^^^^^^^^^^^^^^^^^^^^^^^^^^^^^^^^^^^^^^^^^^^^^^^^^^^^^^^^^^^^^^^^^^^^^^^^^^^^^^^^^^^^^^^^^^^^^^^^^^^^^^^^^^^^^^^^^^^^^^^^^^^^^^^^^^^^^^^^^^^^^^^^^^^^^^^^^^^^^^^^^^^^^^^^^^^^^^^^^^^^^^^^^
E       pydantic_core._pydantic_core.ValidationError: 1 validation error for CanonicalLogEvent
E       source_line
E         Input should be a valid integer [type=int_type, input_value={'src_ip': '1.2.3.4'}, input_type=dict]
E           For further information visit https://errors.pydantic.dev/2.13/v/int_type

tests\triage\test_validation.py:109: ValidationError
___________________ test_validate_evidence_fields_mismatch ____________________

    def test_validate_evidence_fields_mismatch():
        submission = TriageSubmission(
            triage_verdict=TriageVerdict.CONFIRMED_INCIDENT,
            incident_type="test",
            severity=TriageSeverity.HIGH,
            confidence_score=0.9,
            summary="Test",
            selected_evidence_ids=["ev_1"],
            claims=[]
        )
    
        triage_input = TriageInput(
            incident_id="INC-1",
            incident_type="test",
            incident_family="test",
            title="test",
            deterministic_severity="high",
            deterministic_confidence=1.0,
            first_seen="2024",
            last_seen="2024",
            primary_entity="ip",
            candidate_evidence=[
                EvidenceCandidate(
                    evidence_id="ev_1",
                    event_id="EVT-1",
                    quote="error",
                    reason="test",
                    source="test_parser",
                    canonical_fields={},
                    vendor_original_fields={"src_ip": "9.9.9.9"} # Mismatch
                )
            ],
            limited_context_events=[
                SafeEventView(
                    event_id="EVT-1",
                    timestamp="2024",
                    parser_name="test_parser",
                    source_name="test_source",
                    sanitized_message_excerpt="An error occurred here",
                    src_ip="1.2.3.4"
                )
            ]
        )
    
        from agent.schema import CanonicalLogEvent
        from agent.detection.models import IncidentBundle
        from agent.triage.models import TriageIncidentContext
        from datetime import datetime, timezone
>       trusted_events = [CanonicalLogEvent(event_id="EVT-1", timestamp=None, observed_at=datetime.now(timezone.utc), parse_status="success", parser_name="test_parser", source_name="test_source", safe_message_excerpt="An error occurred here", source_line={"src_ip": "1.2.3.4"})]
                          ^^^^^^^^^^^^^^^^^^^^^^^^^^^^^^^^^^^^^^^^^^^^^^^^^^^^^^^^^^^^^^^^^^^^^^^^^^^^^^^^^^^^^^^^^^^^^^^^^^^^^^^^^^^^^^^^^^^^^^^^^^^^^^^^^^^^^^^^^^^^^^^^^^^^^^^^^^^^^^^^^^^^^^^^^^^^^^^^^^^^^^^^^^^^^^^^^^^^^^^^^^^^^^^^^^^^^^^^^^^^^^^^^^^^^^^^^^^^^^^^^^^^^^^^^^^
E       pydantic_core._pydantic_core.ValidationError: 1 validation error for CanonicalLogEvent
E       source_line
E         Input should be a valid integer [type=int_type, input_value={'src_ip': '1.2.3.4'}, input_type=dict]
E           For further information visit https://errors.pydantic.dev/2.13/v/int_type

tests\triage\test_validation.py:165: ValidationError
________________ test_provenance_multiple_evidence_same_event _________________

    def test_provenance_multiple_evidence_same_event():
        from agent.schema import CanonicalLogEvent
        from agent.detection.models import IncidentBundle, DetectionEvidence
        from agent.triage.models import TriageIncidentContext
        from datetime import datetime, timezone
    
>       trusted_events = [CanonicalLogEvent(event_id="EVT-1", timestamp=None, observed_at=datetime.now(timezone.utc), parse_status="success", parser_name="test_parser", source_name="test_source", safe_message_excerpt="An error occurred here", source_line={})]
                          ^^^^^^^^^^^^^^^^^^^^^^^^^^^^^^^^^^^^^^^^^^^^^^^^^^^^^^^^^^^^^^^^^^^^^^^^^^^^^^^^^^^^^^^^^^^^^^^^^^^^^^^^^^^^^^^^^^^^^^^^^^^^^^^^^^^^^^^^^^^^^^^^^^^^^^^^^^^^^^^^^^^^^^^^^^^^^^^^^^^^^^^^^^^^^^^^^^^^^^^^^^^^^^^^^^^^^^^^^^^^^^^^^^^^^^^^
E       pydantic_core._pydantic_core.ValidationError: 1 validation error for CanonicalLogEvent
E       source_line
E         Input should be a valid integer [type=int_type, input_value={}, input_type=dict]
E           For further information visit https://errors.pydantic.dev/2.13/v/int_type

tests\triage\test_validation.py:210: ValidationError
_____________________ test_correlation_context_allowlist ______________________

    def test_correlation_context_allowlist():
        from agent.schema import CanonicalLogEvent
        from agent.detection.models import IncidentBundle
        from agent.triage.models import TriageIncidentContext
        from datetime import datetime, timezone
    
>       trusted_events = [CanonicalLogEvent(event_id="EVT-1", timestamp=None, observed_at=datetime.now(timezone.utc), parse_status="success", parser_name="test_parser", source_name="test_source", safe_message_excerpt="An error occurred here", source_line={})]
                          ^^^^^^^^^^^^^^^^^^^^^^^^^^^^^^^^^^^^^^^^^^^^^^^^^^^^^^^^^^^^^^^^^^^^^^^^^^^^^^^^^^^^^^^^^^^^^^^^^^^^^^^^^^^^^^^^^^^^^^^^^^^^^^^^^^^^^^^^^^^^^^^^^^^^^^^^^^^^^^^^^^^^^^^^^^^^^^^^^^^^^^^^^^^^^^^^^^^^^^^^^^^^^^^^^^^^^^^^^^^^^^^^^^^^^^^^
E       pydantic_core._pydantic_core.ValidationError: 1 validation error for CanonicalLogEvent
E       source_line
E         Input should be a valid integer [type=int_type, input_value={}, input_type=dict]
E           For further information visit https://errors.pydantic.dev/2.13/v/int_type

tests\triage\test_validation.py:243: ValidationError
============================== warnings summary ===============================
..\..\AppData\Roaming\Python\Python314\site-packages\fastapi\testclient.py:1
  C:\Users\berat\AppData\Roaming\Python\Python314\site-packages\fastapi\testclient.py:1: StarletteDeprecationWarning: Using `httpx` with `starlette.testclient` is deprecated; install `httpx2` instead.
    from starlette.testclient import TestClient as TestClient  # noqa

-- Docs: https://docs.pytest.org/en/stable/how-to/capture-warnings.html
=========================== short test summary info ===========================
FAILED tests/detection/test_horizontal_scan.py::test_horizontal_scan_positive
FAILED tests/detection/test_input_order_invariance.py::test_order_invariance
FAILED tests/detection/test_network_flood.py::test_flood_positive - Attribute...
FAILED tests/detection/test_remote_service_probe.py::test_rdp_probe - Attribu...
FAILED tests/detection/test_remote_service_probe.py::test_ssh_probe - Attribu...
FAILED tests/detection/test_signal_deduplication.py::test_rdp_precedence - As...
FAILED tests/detection/test_spi_anomaly.py::test_spi_anomaly_positive - Attri...
FAILED tests/detection/test_vertical_scan.py::test_vertical_scan_positive - A...
FAILED tests/persistence/test_e2e.py::test_api_to_db_flow_and_durability - as...
FAILED tests/test_cef_parser.py::test_cef_parsing - AssertionError: assert ''...
FAILED tests/test_detection_tools.py::test_detect_port_scan_pattern - Asserti...
FAILED tests/test_detection_tools.py::test_detect_dns_tunneling_pattern - Ass...
FAILED tests/test_detection_tools.py::test_detect_malware_hash_alert - Assert...
FAILED tests/test_evidence_validation.py::test_evidence_validation_success - ...
FAILED tests/test_evidence_validation.py::test_evidence_validation_mismatch
FAILED tests/test_ingest_cli.py::test_cli_ingest_mode - AssertionError: asser...
FAILED tests/test_parser_ambiguity.py::test_parser_ambiguity - AssertionError...
FAILED tests/test_syslog_parser.py::test_rfc5424 - AssertionError: assert '' ...
FAILED tests/triage/test_phase4_blockers.py::test_actual_incidentbundle_round_trip
FAILED tests/triage/test_phase4_blockers.py::test_process_stable_content_hash
FAILED tests/triage/test_phase4_blockers.py::test_unknown_original_field_rejection
FAILED tests/triage/test_phase4_blockers.py::test_prompt_budget_exceeded - py...
FAILED tests/triage/test_phase4_blockers.py::test_ingest_detect_endpoints_zero_calls
FAILED tests/triage/test_phase4_blockers.py::test_graph_integration - pydanti...
FAILED tests/triage/test_validation.py::test_validate_evidence_success - pyda...
FAILED tests/triage/test_validation.py::test_validate_evidence_quote_mismatch
FAILED tests/triage/test_validation.py::test_validate_evidence_fields_mismatch
FAILED tests/triage/test_validation.py::test_provenance_multiple_evidence_same_event
FAILED tests/triage/test_validation.py::test_correlation_context_allowlist - ...
29 failed, 77 passed, 1 skipped, 1 warning in 7.70s
